======================================================================
COCHEM-PULSE M9 FIX 4: 10X REPEATED VERIFICATION LOG
Generated at: 2026-08-10T15:48:25.577742+00:00
Target Repository: CoChem-PULSE (D:\Gdrive\__CoChem\GitHub-Repo\CoChem-PULSE)
======================================================================

--- RUN 1/10 START (15:48:25 UTC) ---
Run 1/10 Status: [PASSED] in 9.83s
  - Challenger Stress Test (60,000 frames, 6/6 top types): PASS
  - Pytest Suite (19/19 test cases): PASS

--- RUN 2/10 START (15:48:35 UTC) ---
Run 2/10 Status: [PASSED] in 9.70s
  - Challenger Stress Test (60,000 frames, 6/6 top types): PASS
  - Pytest Suite (19/19 test cases): PASS

--- RUN 3/10 START (15:48:45 UTC) ---
Run 3/10 Status: [PASSED] in 9.68s
  - Challenger Stress Test (60,000 frames, 6/6 top types): PASS
  - Pytest Suite (19/19 test cases): PASS

--- RUN 4/10 START (15:48:54 UTC) ---
Run 4/10 Status: [PASSED] in 9.76s
  - Challenger Stress Test (60,000 frames, 6/6 top types): PASS
  - Pytest Suite (19/19 test cases): PASS

--- RUN 5/10 START (15:49:04 UTC) ---
Run 5/10 Status: [PASSED] in 9.70s
  - Challenger Stress Test (60,000 frames, 6/6 top types): PASS
  - Pytest Suite (19/19 test cases): PASS

--- RUN 6/10 START (15:49:14 UTC) ---
Run 6/10 Status: [PASSED] in 9.85s
  - Challenger Stress Test (60,000 frames, 6/6 top types): PASS
  - Pytest Suite (19/19 test cases): PASS

--- RUN 7/10 START (15:49:24 UTC) ---
Run 7/10 Status: [PASSED] in 9.95s
  - Challenger Stress Test (60,000 frames, 6/6 top types): PASS
  - Pytest Suite (19/19 test cases): PASS

--- RUN 8/10 START (15:49:34 UTC) ---
Run 8/10 Status: [PASSED] in 9.71s
  - Challenger Stress Test (60,000 frames, 6/6 top types): PASS
  - Pytest Suite (19/19 test cases): PASS

--- RUN 9/10 START (15:49:43 UTC) ---
Run 9/10 Status: [PASSED] in 10.30s
  - Challenger Stress Test (60,000 frames, 6/6 top types): PASS
  - Pytest Suite (19/19 test cases): PASS

--- RUN 10/10 START (15:49:54 UTC) ---
Run 10/10 Status: [PASSED] in 9.74s
  - Challenger Stress Test (60,000 frames, 6/6 top types): PASS
  - Pytest Suite (19/19 test cases): PASS

======================================================================
10X VERIFICATION SUMMARY: ALL 10 RUNS PASSED STRICTLY (100% REPRODUCIBILITY)
======================================================================
